STAR version=2.7.11a
STAR compilation time,server,dir=2023-09-15T03:01:31+0000 :/opt/conda/conda-bld/star_1694746407721/work/source
##### Command Line:
/home/ldosouto/miniconda3/envs/star/bin/STAR-avx --runMode genomeGenerate --runThreadN 12 --genomeDir /d2/laura_home/genomeDir_grch38 --genomeFastaFiles /d2/Exome_analysis_BC/Exome_pipeline_datas/GRCh38/Homo_sapiens.GRCh38.dna.primary_assembly.fa --sjdbGTFfile /d2/Exome_analysis_BC/Exome_pipeline_datas/GRCh38/Homo_sapiens.GRCh38.106.gtf --sjdbOverhang 74
##### Initial USER parameters from Command Line:
###### All USER parameters from Command Line:
runMode                       genomeGenerate        ~RE-DEFINED
runThreadN                    12     ~RE-DEFINED
genomeDir                     /d2/laura_home/genomeDir_grch38     ~RE-DEFINED
genomeFastaFiles              /d2/Exome_analysis_BC/Exome_pipeline_datas/GRCh38/Homo_sapiens.GRCh38.dna.primary_assembly.fa        ~RE-DEFINED
sjdbGTFfile                   /d2/Exome_analysis_BC/Exome_pipeline_datas/GRCh38/Homo_sapiens.GRCh38.106.gtf     ~RE-DEFINED
sjdbOverhang                  74     ~RE-DEFINED
##### Finished reading parameters from all sources

##### Final user re-defined parameters-----------------:
runMode                           genomeGenerate   
runThreadN                        12
genomeDir                         /d2/laura_home/genomeDir_grch38
genomeFastaFiles                  /d2/Exome_analysis_BC/Exome_pipeline_datas/GRCh38/Homo_sapiens.GRCh38.dna.primary_assembly.fa   
sjdbGTFfile                       /d2/Exome_analysis_BC/Exome_pipeline_datas/GRCh38/Homo_sapiens.GRCh38.106.gtf
sjdbOverhang                      74

-------------------------------
##### Final effective command line:
/home/ldosouto/miniconda3/envs/star/bin/STAR-avx   --runMode genomeGenerate      --runThreadN 12   --genomeDir /d2/laura_home/genomeDir_grch38   --genomeFastaFiles /d2/Exome_analysis_BC/Exome_pipeline_datas/GRCh38/Homo_sapiens.GRCh38.dna.primary_assembly.fa      --sjdbGTFfile /d2/Exome_analysis_BC/Exome_pipeline_datas/GRCh38/Homo_sapiens.GRCh38.106.gtf   --sjdbOverhang 74
----------------------------------------

Number of fastq files for each mate = 1
ParametersSolo: --soloCellFilterType CellRanger2.2 filtering parameters:  3000 0.99 10
Finished loading and checking parameters
--genomeDir directory exists and will be overwritten: /d2/laura_home/genomeDir_grch38/
Oct 17 15:09:37 ... starting to generate Genome files
/d2/Exome_analysis_BC/Exome_pipeline_datas/GRCh38/Homo_sapiens.GRCh38.dna.primary_assembly.fa : chr # 0  "1" chrStart: 0
/d2/Exome_analysis_BC/Exome_pipeline_datas/GRCh38/Homo_sapiens.GRCh38.dna.primary_assembly.fa : chr # 1  "10" chrStart: 249036800
/d2/Exome_analysis_BC/Exome_pipeline_datas/GRCh38/Homo_sapiens.GRCh38.dna.primary_assembly.fa : chr # 2  "11" chrStart: 382992384
/d2/Exome_analysis_BC/Exome_pipeline_datas/GRCh38/Homo_sapiens.GRCh38.dna.primary_assembly.fa : chr # 3  "12" chrStart: 518258688
/d2/Exome_analysis_BC/Exome_pipeline_datas/GRCh38/Homo_sapiens.GRCh38.dna.primary_assembly.fa : chr # 4  "13" chrStart: 651689984
/d2/Exome_analysis_BC/Exome_pipeline_datas/GRCh38/Homo_sapiens.GRCh38.dna.primary_assembly.fa : chr # 5  "14" chrStart: 766246912
/d2/Exome_analysis_BC/Exome_pipeline_datas/GRCh38/Homo_sapiens.GRCh38.dna.primary_assembly.fa : chr # 6  "15" chrStart: 873463808
/d2/Exome_analysis_BC/Exome_pipeline_datas/GRCh38/Homo_sapiens.GRCh38.dna.primary_assembly.fa : chr # 7  "16" chrStart: 975699968
/d2/Exome_analysis_BC/Exome_pipeline_datas/GRCh38/Homo_sapiens.GRCh38.dna.primary_assembly.fa : chr # 8  "17" chrStart: 1066139648
/d2/Exome_analysis_BC/Exome_pipeline_datas/GRCh38/Homo_sapiens.GRCh38.dna.primary_assembly.fa : chr # 9  "18" chrStart: 1149501440
/d2/Exome_analysis_BC/Exome_pipeline_datas/GRCh38/Homo_sapiens.GRCh38.dna.primary_assembly.fa : chr # 10  "19" chrStart: 1229979648
/d2/Exome_analysis_BC/Exome_pipeline_datas/GRCh38/Homo_sapiens.GRCh38.dna.primary_assembly.fa : chr # 11  "2" chrStart: 1288699904
/d2/Exome_analysis_BC/Exome_pipeline_datas/GRCh38/Homo_sapiens.GRCh38.dna.primary_assembly.fa : chr # 12  "20" chrStart: 1530920960
/d2/Exome_analysis_BC/Exome_pipeline_datas/GRCh38/Homo_sapiens.GRCh38.dna.primary_assembly.fa : chr # 13  "21" chrStart: 1595408384
/d2/Exome_analysis_BC/Exome_pipeline_datas/GRCh38/Homo_sapiens.GRCh38.dna.primary_assembly.fa : chr # 14  "22" chrStart: 1642332160
/d2/Exome_analysis_BC/Exome_pipeline_datas/GRCh38/Homo_sapiens.GRCh38.dna.primary_assembly.fa : chr # 15  "3" chrStart: 1693188096
/d2/Exome_analysis_BC/Exome_pipeline_datas/GRCh38/Homo_sapiens.GRCh38.dna.primary_assembly.fa : chr # 16  "4" chrStart: 1891631104
/d2/Exome_analysis_BC/Exome_pipeline_datas/GRCh38/Homo_sapiens.GRCh38.dna.primary_assembly.fa : chr # 17  "5" chrStart: 2081947648
/d2/Exome_analysis_BC/Exome_pipeline_datas/GRCh38/Homo_sapiens.GRCh38.dna.primary_assembly.fa : chr # 18  "6" chrStart: 2263613440
/d2/Exome_analysis_BC/Exome_pipeline_datas/GRCh38/Homo_sapiens.GRCh38.dna.primary_assembly.fa : chr # 19  "7" chrStart: 2434531328
/d2/Exome_analysis_BC/Exome_pipeline_datas/GRCh38/Homo_sapiens.GRCh38.dna.primary_assembly.fa : chr # 20  "8" chrStart: 2593914880
/d2/Exome_analysis_BC/Exome_pipeline_datas/GRCh38/Homo_sapiens.GRCh38.dna.primary_assembly.fa : chr # 21  "9" chrStart: 2739142656
/d2/Exome_analysis_BC/Exome_pipeline_datas/GRCh38/Homo_sapiens.GRCh38.dna.primary_assembly.fa : chr # 22  "MT" chrStart: 2877554688
/d2/Exome_analysis_BC/Exome_pipeline_datas/GRCh38/Homo_sapiens.GRCh38.dna.primary_assembly.fa : chr # 23  "X" chrStart: 2877816832
/d2/Exome_analysis_BC/Exome_pipeline_datas/GRCh38/Homo_sapiens.GRCh38.dna.primary_assembly.fa : chr # 24  "Y" chrStart: 3034054656
/d2/Exome_analysis_BC/Exome_pipeline_datas/GRCh38/Homo_sapiens.GRCh38.dna.primary_assembly.fa : chr # 25  "KI270728.1" chrStart: 3091464192
/d2/Exome_analysis_BC/Exome_pipeline_datas/GRCh38/Homo_sapiens.GRCh38.dna.primary_assembly.fa : chr # 26  "KI270727.1" chrStart: 3093561344
/d2/Exome_analysis_BC/Exome_pipeline_datas/GRCh38/Homo_sapiens.GRCh38.dna.primary_assembly.fa : chr # 27  "KI270442.1" chrStart: 3094085632
/d2/Exome_analysis_BC/Exome_pipeline_datas/GRCh38/Homo_sapiens.GRCh38.dna.primary_assembly.fa : chr # 28  "KI270729.1" chrStart: 3094609920
/d2/Exome_analysis_BC/Exome_pipeline_datas/GRCh38/Homo_sapiens.GRCh38.dna.primary_assembly.fa : chr # 29  "GL000225.1" chrStart: 3095134208
/d2/Exome_analysis_BC/Exome_pipeline_datas/GRCh38/Homo_sapiens.GRCh38.dna.primary_assembly.fa : chr # 30  "KI270743.1" chrStart: 3095396352
/d2/Exome_analysis_BC/Exome_pipeline_datas/GRCh38/Homo_sapiens.GRCh38.dna.primary_assembly.fa : chr # 31  "GL000008.2" chrStart: 3095658496
/d2/Exome_analysis_BC/Exome_pipeline_datas/GRCh38/Homo_sapiens.GRCh38.dna.primary_assembly.fa : chr # 32  "GL000009.2" chrStart: 3095920640
/d2/Exome_analysis_BC/Exome_pipeline_datas/GRCh38/Homo_sapiens.GRCh38.dna.primary_assembly.fa : chr # 33  "KI270747.1" chrStart: 3096182784
/d2/Exome_analysis_BC/Exome_pipeline_datas/GRCh38/Homo_sapiens.GRCh38.dna.primary_assembly.fa : chr # 34  "KI270722.1" chrStart: 3096444928
/d2/Exome_analysis_BC/Exome_pipeline_datas/GRCh38/Homo_sapiens.GRCh38.dna.primary_assembly.fa : chr # 35  "GL000194.1" chrStart: 3096707072
/d2/Exome_analysis_BC/Exome_pipeline_datas/GRCh38/Homo_sapiens.GRCh38.dna.primary_assembly.fa : chr # 36  "KI270742.1" chrStart: 3096969216
/d2/Exome_analysis_BC/Exome_pipeline_datas/GRCh38/Homo_sapiens.GRCh38.dna.primary_assembly.fa : chr # 37  "GL000205.2" chrStart: 3097231360
/d2/Exome_analysis_BC/Exome_pipeline_datas/GRCh38/Homo_sapiens.GRCh38.dna.primary_assembly.fa : chr # 38  "GL000195.1" chrStart: 3097493504
/d2/Exome_analysis_BC/Exome_pipeline_datas/GRCh38/Homo_sapiens.GRCh38.dna.primary_assembly.fa : chr # 39  "KI270736.1" chrStart: 3097755648
/d2/Exome_analysis_BC/Exome_pipeline_datas/GRCh38/Homo_sapiens.GRCh38.dna.primary_assembly.fa : chr # 40  "KI270733.1" chrStart: 3098017792
/d2/Exome_analysis_BC/Exome_pipeline_datas/GRCh38/Homo_sapiens.GRCh38.dna.primary_assembly.fa : chr # 41  "GL000224.1" chrStart: 3098279936
/d2/Exome_analysis_BC/Exome_pipeline_datas/GRCh38/Homo_sapiens.GRCh38.dna.primary_assembly.fa : chr # 42  "GL000219.1" chrStart: 3098542080
/d2/Exome_analysis_BC/Exome_pipeline_datas/GRCh38/Homo_sapiens.GRCh38.dna.primary_assembly.fa : chr # 43  "KI270719.1" chrStart: 3098804224
/d2/Exome_analysis_BC/Exome_pipeline_datas/GRCh38/Homo_sapiens.GRCh38.dna.primary_assembly.fa : chr # 44  "GL000216.2" chrStart: 3099066368
/d2/Exome_analysis_BC/Exome_pipeline_datas/GRCh38/Homo_sapiens.GRCh38.dna.primary_assembly.fa : chr # 45  "KI270712.1" chrStart: 3099328512
/d2/Exome_analysis_BC/Exome_pipeline_datas/GRCh38/Homo_sapiens.GRCh38.dna.primary_assembly.fa : chr # 46  "KI270706.1" chrStart: 3099590656
/d2/Exome_analysis_BC/Exome_pipeline_datas/GRCh38/Homo_sapiens.GRCh38.dna.primary_assembly.fa : chr # 47  "KI270725.1" chrStart: 3099852800
/d2/Exome_analysis_BC/Exome_pipeline_datas/GRCh38/Homo_sapiens.GRCh38.dna.primary_assembly.fa : chr # 48  "KI270744.1" chrStart: 3100114944
/d2/Exome_analysis_BC/Exome_pipeline_datas/GRCh38/Homo_sapiens.GRCh38.dna.primary_assembly.fa : chr # 49  "KI270734.1" chrStart: 3100377088
/d2/Exome_analysis_BC/Exome_pipeline_datas/GRCh38/Homo_sapiens.GRCh38.dna.primary_assembly.fa : chr # 50  "GL000213.1" chrStart: 3100639232
/d2/Exome_analysis_BC/Exome_pipeline_datas/GRCh38/Homo_sapiens.GRCh38.dna.primary_assembly.fa : chr # 51  "GL000220.1" chrStart: 3100901376
/d2/Exome_analysis_BC/Exome_pipeline_datas/GRCh38/Homo_sapiens.GRCh38.dna.primary_assembly.fa : chr # 52  "KI270715.1" chrStart: 3101163520
/d2/Exome_analysis_BC/Exome_pipeline_datas/GRCh38/Homo_sapiens.GRCh38.dna.primary_assembly.fa : chr # 53  "GL000218.1" chrStart: 3101425664
/d2/Exome_analysis_BC/Exome_pipeline_datas/GRCh38/Homo_sapiens.GRCh38.dna.primary_assembly.fa : chr # 54  "KI270749.1" chrStart: 3101687808
/d2/Exome_analysis_BC/Exome_pipeline_datas/GRCh38/Homo_sapiens.GRCh38.dna.primary_assembly.fa : chr # 55  "KI270741.1" chrStart: 3101949952
/d2/Exome_analysis_BC/Exome_pipeline_datas/GRCh38/Homo_sapiens.GRCh38.dna.primary_assembly.fa : chr # 56  "GL000221.1" chrStart: 3102212096
/d2/Exome_analysis_BC/Exome_pipeline_datas/GRCh38/Homo_sapiens.GRCh38.dna.primary_assembly.fa : chr # 57  "KI270716.1" chrStart: 3102474240
/d2/Exome_analysis_BC/Exome_pipeline_datas/GRCh38/Homo_sapiens.GRCh38.dna.primary_assembly.fa : chr # 58  "KI270731.1" chrStart: 3102736384
/d2/Exome_analysis_BC/Exome_pipeline_datas/GRCh38/Homo_sapiens.GRCh38.dna.primary_assembly.fa : chr # 59  "KI270751.1" chrStart: 3102998528
/d2/Exome_analysis_BC/Exome_pipeline_datas/GRCh38/Homo_sapiens.GRCh38.dna.primary_assembly.fa : chr # 60  "KI270750.1" chrStart: 3103260672
/d2/Exome_analysis_BC/Exome_pipeline_datas/GRCh38/Homo_sapiens.GRCh38.dna.primary_assembly.fa : chr # 61  "KI270519.1" chrStart: 3103522816
/d2/Exome_analysis_BC/Exome_pipeline_datas/GRCh38/Homo_sapiens.GRCh38.dna.primary_assembly.fa : chr # 62  "GL000214.1" chrStart: 3103784960
/d2/Exome_analysis_BC/Exome_pipeline_datas/GRCh38/Homo_sapiens.GRCh38.dna.primary_assembly.fa : chr # 63  "KI270708.1" chrStart: 3104047104
/d2/Exome_analysis_BC/Exome_pipeline_datas/GRCh38/Homo_sapiens.GRCh38.dna.primary_assembly.fa : chr # 64  "KI270730.1" chrStart: 3104309248
/d2/Exome_analysis_BC/Exome_pipeline_datas/GRCh38/Homo_sapiens.GRCh38.dna.primary_assembly.fa : chr # 65  "KI270438.1" chrStart: 3104571392
/d2/Exome_analysis_BC/Exome_pipeline_datas/GRCh38/Homo_sapiens.GRCh38.dna.primary_assembly.fa : chr # 66  "KI270737.1" chrStart: 3104833536
/d2/Exome_analysis_BC/Exome_pipeline_datas/GRCh38/Homo_sapiens.GRCh38.dna.primary_assembly.fa : chr # 67  "KI270721.1" chrStart: 3105095680
/d2/Exome_analysis_BC/Exome_pipeline_datas/GRCh38/Homo_sapiens.GRCh38.dna.primary_assembly.fa : chr # 68  "KI270738.1" chrStart: 3105357824
/d2/Exome_analysis_BC/Exome_pipeline_datas/GRCh38/Homo_sapiens.GRCh38.dna.primary_assembly.fa : chr # 69  "KI270748.1" chrStart: 3105619968
/d2/Exome_analysis_BC/Exome_pipeline_datas/GRCh38/Homo_sapiens.GRCh38.dna.primary_assembly.fa : chr # 70  "KI270435.1" chrStart: 3105882112
/d2/Exome_analysis_BC/Exome_pipeline_datas/GRCh38/Homo_sapiens.GRCh38.dna.primary_assembly.fa : chr # 71  "GL000208.1" chrStart: 3106144256
/d2/Exome_analysis_BC/Exome_pipeline_datas/GRCh38/Homo_sapiens.GRCh38.dna.primary_assembly.fa : chr # 72  "KI270538.1" chrStart: 3106406400
/d2/Exome_analysis_BC/Exome_pipeline_datas/GRCh38/Homo_sapiens.GRCh38.dna.primary_assembly.fa : chr # 73  "KI270756.1" chrStart: 3106668544
/d2/Exome_analysis_BC/Exome_pipeline_datas/GRCh38/Homo_sapiens.GRCh38.dna.primary_assembly.fa : chr # 74  "KI270739.1" chrStart: 3106930688
/d2/Exome_analysis_BC/Exome_pipeline_datas/GRCh38/Homo_sapiens.GRCh38.dna.primary_assembly.fa : chr # 75  "KI270757.1" chrStart: 3107192832
/d2/Exome_analysis_BC/Exome_pipeline_datas/GRCh38/Homo_sapiens.GRCh38.dna.primary_assembly.fa : chr # 76  "KI270709.1" chrStart: 3107454976
/d2/Exome_analysis_BC/Exome_pipeline_datas/GRCh38/Homo_sapiens.GRCh38.dna.primary_assembly.fa : chr # 77  "KI270746.1" chrStart: 3107717120
/d2/Exome_analysis_BC/Exome_pipeline_datas/GRCh38/Homo_sapiens.GRCh38.dna.primary_assembly.fa : chr # 78  "KI270753.1" chrStart: 3107979264
/d2/Exome_analysis_BC/Exome_pipeline_datas/GRCh38/Homo_sapiens.GRCh38.dna.primary_assembly.fa : chr # 79  "KI270589.1" chrStart: 3108241408
/d2/Exome_analysis_BC/Exome_pipeline_datas/GRCh38/Homo_sapiens.GRCh38.dna.primary_assembly.fa : chr # 80  "KI270726.1" chrStart: 3108503552
/d2/Exome_analysis_BC/Exome_pipeline_datas/GRCh38/Homo_sapiens.GRCh38.dna.primary_assembly.fa : chr # 81  "KI270735.1" chrStart: 3108765696
/d2/Exome_analysis_BC/Exome_pipeline_datas/GRCh38/Homo_sapiens.GRCh38.dna.primary_assembly.fa : chr # 82  "KI270711.1" chrStart: 3109027840
/d2/Exome_analysis_BC/Exome_pipeline_datas/GRCh38/Homo_sapiens.GRCh38.dna.primary_assembly.fa : chr # 83  "KI270745.1" chrStart: 3109289984
/d2/Exome_analysis_BC/Exome_pipeline_datas/GRCh38/Homo_sapiens.GRCh38.dna.primary_assembly.fa : chr # 84  "KI270714.1" chrStart: 3109552128
/d2/Exome_analysis_BC/Exome_pipeline_datas/GRCh38/Homo_sapiens.GRCh38.dna.primary_assembly.fa : chr # 85  "KI270732.1" chrStart: 3109814272
/d2/Exome_analysis_BC/Exome_pipeline_datas/GRCh38/Homo_sapiens.GRCh38.dna.primary_assembly.fa : chr # 86  "KI270713.1" chrStart: 3110076416
/d2/Exome_analysis_BC/Exome_pipeline_datas/GRCh38/Homo_sapiens.GRCh38.dna.primary_assembly.fa : chr # 87  "KI270754.1" chrStart: 3110338560
/d2/Exome_analysis_BC/Exome_pipeline_datas/GRCh38/Homo_sapiens.GRCh38.dna.primary_assembly.fa : chr # 88  "KI270710.1" chrStart: 3110600704
/d2/Exome_analysis_BC/Exome_pipeline_datas/GRCh38/Homo_sapiens.GRCh38.dna.primary_assembly.fa : chr # 89  "KI270717.1" chrStart: 3110862848
/d2/Exome_analysis_BC/Exome_pipeline_datas/GRCh38/Homo_sapiens.GRCh38.dna.primary_assembly.fa : chr # 90  "KI270724.1" chrStart: 3111124992
/d2/Exome_analysis_BC/Exome_pipeline_datas/GRCh38/Homo_sapiens.GRCh38.dna.primary_assembly.fa : chr # 91  "KI270720.1" chrStart: 3111387136
/d2/Exome_analysis_BC/Exome_pipeline_datas/GRCh38/Homo_sapiens.GRCh38.dna.primary_assembly.fa : chr # 92  "KI270723.1" chrStart: 3111649280
/d2/Exome_analysis_BC/Exome_pipeline_datas/GRCh38/Homo_sapiens.GRCh38.dna.primary_assembly.fa : chr # 93  "KI270718.1" chrStart: 3111911424
/d2/Exome_analysis_BC/Exome_pipeline_datas/GRCh38/Homo_sapiens.GRCh38.dna.primary_assembly.fa : chr # 94  "KI270317.1" chrStart: 3112173568
/d2/Exome_analysis_BC/Exome_pipeline_datas/GRCh38/Homo_sapiens.GRCh38.dna.primary_assembly.fa : chr # 95  "KI270740.1" chrStart: 3112435712
/d2/Exome_analysis_BC/Exome_pipeline_datas/GRCh38/Homo_sapiens.GRCh38.dna.primary_assembly.fa : chr # 96  "KI270755.1" chrStart: 3112697856
/d2/Exome_analysis_BC/Exome_pipeline_datas/GRCh38/Homo_sapiens.GRCh38.dna.primary_assembly.fa : chr # 97  "KI270707.1" chrStart: 3112960000
/d2/Exome_analysis_BC/Exome_pipeline_datas/GRCh38/Homo_sapiens.GRCh38.dna.primary_assembly.fa : chr # 98  "KI270579.1" chrStart: 3113222144
/d2/Exome_analysis_BC/Exome_pipeline_datas/GRCh38/Homo_sapiens.GRCh38.dna.primary_assembly.fa : chr # 99  "KI270752.1" chrStart: 3113484288
/d2/Exome_analysis_BC/Exome_pipeline_datas/GRCh38/Homo_sapiens.GRCh38.dna.primary_assembly.fa : chr # 100  "KI270512.1" chrStart: 3113746432
/d2/Exome_analysis_BC/Exome_pipeline_datas/GRCh38/Homo_sapiens.GRCh38.dna.primary_assembly.fa : chr # 101  "KI270322.1" chrStart: 3114008576
/d2/Exome_analysis_BC/Exome_pipeline_datas/GRCh38/Homo_sapiens.GRCh38.dna.primary_assembly.fa : chr # 102  "GL000226.1" chrStart: 3114270720
/d2/Exome_analysis_BC/Exome_pipeline_datas/GRCh38/Homo_sapiens.GRCh38.dna.primary_assembly.fa : chr # 103  "KI270311.1" chrStart: 3114532864
/d2/Exome_analysis_BC/Exome_pipeline_datas/GRCh38/Homo_sapiens.GRCh38.dna.primary_assembly.fa : chr # 104  "KI270366.1" chrStart: 3114795008
/d2/Exome_analysis_BC/Exome_pipeline_datas/GRCh38/Homo_sapiens.GRCh38.dna.primary_assembly.fa : chr # 105  "KI270511.1" chrStart: 3115057152
/d2/Exome_analysis_BC/Exome_pipeline_datas/GRCh38/Homo_sapiens.GRCh38.dna.primary_assembly.fa : chr # 106  "KI270448.1" chrStart: 3115319296
/d2/Exome_analysis_BC/Exome_pipeline_datas/GRCh38/Homo_sapiens.GRCh38.dna.primary_assembly.fa : chr # 107  "KI270521.1" chrStart: 3115581440
/d2/Exome_analysis_BC/Exome_pipeline_datas/GRCh38/Homo_sapiens.GRCh38.dna.primary_assembly.fa : chr # 108  "KI270581.1" chrStart: 3115843584
/d2/Exome_analysis_BC/Exome_pipeline_datas/GRCh38/Homo_sapiens.GRCh38.dna.primary_assembly.fa : chr # 109  "KI270582.1" chrStart: 3116105728
/d2/Exome_analysis_BC/Exome_pipeline_datas/GRCh38/Homo_sapiens.GRCh38.dna.primary_assembly.fa : chr # 110  "KI270515.1" chrStart: 3116367872
/d2/Exome_analysis_BC/Exome_pipeline_datas/GRCh38/Homo_sapiens.GRCh38.dna.primary_assembly.fa : chr # 111  "KI270588.1" chrStart: 3116630016
/d2/Exome_analysis_BC/Exome_pipeline_datas/GRCh38/Homo_sapiens.GRCh38.dna.primary_assembly.fa : chr # 112  "KI270591.1" chrStart: 3116892160
/d2/Exome_analysis_BC/Exome_pipeline_datas/GRCh38/Homo_sapiens.GRCh38.dna.primary_assembly.fa : chr # 113  "KI270522.1" chrStart: 3117154304
/d2/Exome_analysis_BC/Exome_pipeline_datas/GRCh38/Homo_sapiens.GRCh38.dna.primary_assembly.fa : chr # 114  "KI270507.1" chrStart: 3117416448
/d2/Exome_analysis_BC/Exome_pipeline_datas/GRCh38/Homo_sapiens.GRCh38.dna.primary_assembly.fa : chr # 115  "KI270590.1" chrStart: 3117678592
/d2/Exome_analysis_BC/Exome_pipeline_datas/GRCh38/Homo_sapiens.GRCh38.dna.primary_assembly.fa : chr # 116  "KI270584.1" chrStart: 3117940736
/d2/Exome_analysis_BC/Exome_pipeline_datas/GRCh38/Homo_sapiens.GRCh38.dna.primary_assembly.fa : chr # 117  "KI270320.1" chrStart: 3118202880
/d2/Exome_analysis_BC/Exome_pipeline_datas/GRCh38/Homo_sapiens.GRCh38.dna.primary_assembly.fa : chr # 118  "KI270382.1" chrStart: 3118465024
/d2/Exome_analysis_BC/Exome_pipeline_datas/GRCh38/Homo_sapiens.GRCh38.dna.primary_assembly.fa : chr # 119  "KI270468.1" chrStart: 3118727168
/d2/Exome_analysis_BC/Exome_pipeline_datas/GRCh38/Homo_sapiens.GRCh38.dna.primary_assembly.fa : chr # 120  "KI270467.1" chrStart: 3118989312
/d2/Exome_analysis_BC/Exome_pipeline_datas/GRCh38/Homo_sapiens.GRCh38.dna.primary_assembly.fa : chr # 121  "KI270362.1" chrStart: 3119251456
/d2/Exome_analysis_BC/Exome_pipeline_datas/GRCh38/Homo_sapiens.GRCh38.dna.primary_assembly.fa : chr # 122  "KI270517.1" chrStart: 3119513600
/d2/Exome_analysis_BC/Exome_pipeline_datas/GRCh38/Homo_sapiens.GRCh38.dna.primary_assembly.fa : chr # 123  "KI270593.1" chrStart: 3119775744
/d2/Exome_analysis_BC/Exome_pipeline_datas/GRCh38/Homo_sapiens.GRCh38.dna.primary_assembly.fa : chr # 124  "KI270528.1" chrStart: 3120037888
/d2/Exome_analysis_BC/Exome_pipeline_datas/GRCh38/Homo_sapiens.GRCh38.dna.primary_assembly.fa : chr # 125  "KI270587.1" chrStart: 3120300032
/d2/Exome_analysis_BC/Exome_pipeline_datas/GRCh38/Homo_sapiens.GRCh38.dna.primary_assembly.fa : chr # 126  "KI270364.1" chrStart: 3120562176
/d2/Exome_analysis_BC/Exome_pipeline_datas/GRCh38/Homo_sapiens.GRCh38.dna.primary_assembly.fa : chr # 127  "KI270371.1" chrStart: 3120824320
/d2/Exome_analysis_BC/Exome_pipeline_datas/GRCh38/Homo_sapiens.GRCh38.dna.primary_assembly.fa : chr # 128  "KI270333.1" chrStart: 3121086464
/d2/Exome_analysis_BC/Exome_pipeline_datas/GRCh38/Homo_sapiens.GRCh38.dna.primary_assembly.fa : chr # 129  "KI270374.1" chrStart: 3121348608
/d2/Exome_analysis_BC/Exome_pipeline_datas/GRCh38/Homo_sapiens.GRCh38.dna.primary_assembly.fa : chr # 130  "KI270411.1" chrStart: 3121610752
/d2/Exome_analysis_BC/Exome_pipeline_datas/GRCh38/Homo_sapiens.GRCh38.dna.primary_assembly.fa : chr # 131  "KI270414.1" chrStart: 3121872896
/d2/Exome_analysis_BC/Exome_pipeline_datas/GRCh38/Homo_sapiens.GRCh38.dna.primary_assembly.fa : chr # 132  "KI270510.1" chrStart: 3122135040
/d2/Exome_analysis_BC/Exome_pipeline_datas/GRCh38/Homo_sapiens.GRCh38.dna.primary_assembly.fa : chr # 133  "KI270390.1" chrStart: 3122397184
/d2/Exome_analysis_BC/Exome_pipeline_datas/GRCh38/Homo_sapiens.GRCh38.dna.primary_assembly.fa : chr # 134  "KI270375.1" chrStart: 3122659328
/d2/Exome_analysis_BC/Exome_pipeline_datas/GRCh38/Homo_sapiens.GRCh38.dna.primary_assembly.fa : chr # 135  "KI270420.1" chrStart: 3122921472
/d2/Exome_analysis_BC/Exome_pipeline_datas/GRCh38/Homo_sapiens.GRCh38.dna.primary_assembly.fa : chr # 136  "KI270509.1" chrStart: 3123183616
/d2/Exome_analysis_BC/Exome_pipeline_datas/GRCh38/Homo_sapiens.GRCh38.dna.primary_assembly.fa : chr # 137  "KI270315.1" chrStart: 3123445760
/d2/Exome_analysis_BC/Exome_pipeline_datas/GRCh38/Homo_sapiens.GRCh38.dna.primary_assembly.fa : chr # 138  "KI270302.1" chrStart: 3123707904
/d2/Exome_analysis_BC/Exome_pipeline_datas/GRCh38/Homo_sapiens.GRCh38.dna.primary_assembly.fa : chr # 139  "KI270518.1" chrStart: 3123970048
/d2/Exome_analysis_BC/Exome_pipeline_datas/GRCh38/Homo_sapiens.GRCh38.dna.primary_assembly.fa : chr # 140  "KI270530.1" chrStart: 3124232192
/d2/Exome_analysis_BC/Exome_pipeline_datas/GRCh38/Homo_sapiens.GRCh38.dna.primary_assembly.fa : chr # 141  "KI270304.1" chrStart: 3124494336
/d2/Exome_analysis_BC/Exome_pipeline_datas/GRCh38/Homo_sapiens.GRCh38.dna.primary_assembly.fa : chr # 142  "KI270418.1" chrStart: 3124756480
/d2/Exome_analysis_BC/Exome_pipeline_datas/GRCh38/Homo_sapiens.GRCh38.dna.primary_assembly.fa : chr # 143  "KI270424.1" chrStart: 3125018624
/d2/Exome_analysis_BC/Exome_pipeline_datas/GRCh38/Homo_sapiens.GRCh38.dna.primary_assembly.fa : chr # 144  "KI270417.1" chrStart: 3125280768
/d2/Exome_analysis_BC/Exome_pipeline_datas/GRCh38/Homo_sapiens.GRCh38.dna.primary_assembly.fa : chr # 145  "KI270508.1" chrStart: 3125542912
/d2/Exome_analysis_BC/Exome_pipeline_datas/GRCh38/Homo_sapiens.GRCh38.dna.primary_assembly.fa : chr # 146  "KI270303.1" chrStart: 3125805056
/d2/Exome_analysis_BC/Exome_pipeline_datas/GRCh38/Homo_sapiens.GRCh38.dna.primary_assembly.fa : chr # 147  "KI270381.1" chrStart: 3126067200
/d2/Exome_analysis_BC/Exome_pipeline_datas/GRCh38/Homo_sapiens.GRCh38.dna.primary_assembly.fa : chr # 148  "KI270529.1" chrStart: 3126329344
/d2/Exome_analysis_BC/Exome_pipeline_datas/GRCh38/Homo_sapiens.GRCh38.dna.primary_assembly.fa : chr # 149  "KI270425.1" chrStart: 3126591488
/d2/Exome_analysis_BC/Exome_pipeline_datas/GRCh38/Homo_sapiens.GRCh38.dna.primary_assembly.fa : chr # 150  "KI270396.1" chrStart: 3126853632
/d2/Exome_analysis_BC/Exome_pipeline_datas/GRCh38/Homo_sapiens.GRCh38.dna.primary_assembly.fa : chr # 151  "KI270363.1" chrStart: 3127115776
/d2/Exome_analysis_BC/Exome_pipeline_datas/GRCh38/Homo_sapiens.GRCh38.dna.primary_assembly.fa : chr # 152  "KI270386.1" chrStart: 3127377920
/d2/Exome_analysis_BC/Exome_pipeline_datas/GRCh38/Homo_sapiens.GRCh38.dna.primary_assembly.fa : chr # 153  "KI270465.1" chrStart: 3127640064
/d2/Exome_analysis_BC/Exome_pipeline_datas/GRCh38/Homo_sapiens.GRCh38.dna.primary_assembly.fa : chr # 154  "KI270383.1" chrStart: 3127902208
/d2/Exome_analysis_BC/Exome_pipeline_datas/GRCh38/Homo_sapiens.GRCh38.dna.primary_assembly.fa : chr # 155  "KI270384.1" chrStart: 3128164352
/d2/Exome_analysis_BC/Exome_pipeline_datas/GRCh38/Homo_sapiens.GRCh38.dna.primary_assembly.fa : chr # 156  "KI270330.1" chrStart: 3128426496
/d2/Exome_analysis_BC/Exome_pipeline_datas/GRCh38/Homo_sapiens.GRCh38.dna.primary_assembly.fa : chr # 157  "KI270372.1" chrStart: 3128688640
/d2/Exome_analysis_BC/Exome_pipeline_datas/GRCh38/Homo_sapiens.GRCh38.dna.primary_assembly.fa : chr # 158  "KI270548.1" chrStart: 3128950784
/d2/Exome_analysis_BC/Exome_pipeline_datas/GRCh38/Homo_sapiens.GRCh38.dna.primary_assembly.fa : chr # 159  "KI270580.1" chrStart: 3129212928
/d2/Exome_analysis_BC/Exome_pipeline_datas/GRCh38/Homo_sapiens.GRCh38.dna.primary_assembly.fa : chr # 160  "KI270387.1" chrStart: 3129475072
/d2/Exome_analysis_BC/Exome_pipeline_datas/GRCh38/Homo_sapiens.GRCh38.dna.primary_assembly.fa : chr # 161  "KI270391.1" chrStart: 3129737216
/d2/Exome_analysis_BC/Exome_pipeline_datas/GRCh38/Homo_sapiens.GRCh38.dna.primary_assembly.fa : chr # 162  "KI270305.1" chrStart: 3129999360
/d2/Exome_analysis_BC/Exome_pipeline_datas/GRCh38/Homo_sapiens.GRCh38.dna.primary_assembly.fa : chr # 163  "KI270373.1" chrStart: 3130261504
/d2/Exome_analysis_BC/Exome_pipeline_datas/GRCh38/Homo_sapiens.GRCh38.dna.primary_assembly.fa : chr # 164  "KI270422.1" chrStart: 3130523648
/d2/Exome_analysis_BC/Exome_pipeline_datas/GRCh38/Homo_sapiens.GRCh38.dna.primary_assembly.fa : chr # 165  "KI270316.1" chrStart: 3130785792
/d2/Exome_analysis_BC/Exome_pipeline_datas/GRCh38/Homo_sapiens.GRCh38.dna.primary_assembly.fa : chr # 166  "KI270340.1" chrStart: 3131047936
/d2/Exome_analysis_BC/Exome_pipeline_datas/GRCh38/Homo_sapiens.GRCh38.dna.primary_assembly.fa : chr # 167  "KI270338.1" chrStart: 3131310080
/d2/Exome_analysis_BC/Exome_pipeline_datas/GRCh38/Homo_sapiens.GRCh38.dna.primary_assembly.fa : chr # 168  "KI270583.1" chrStart: 3131572224
/d2/Exome_analysis_BC/Exome_pipeline_datas/GRCh38/Homo_sapiens.GRCh38.dna.primary_assembly.fa : chr # 169  "KI270334.1" chrStart: 3131834368
/d2/Exome_analysis_BC/Exome_pipeline_datas/GRCh38/Homo_sapiens.GRCh38.dna.primary_assembly.fa : chr # 170  "KI270429.1" chrStart: 3132096512
/d2/Exome_analysis_BC/Exome_pipeline_datas/GRCh38/Homo_sapiens.GRCh38.dna.primary_assembly.fa : chr # 171  "KI270393.1" chrStart: 3132358656
/d2/Exome_analysis_BC/Exome_pipeline_datas/GRCh38/Homo_sapiens.GRCh38.dna.primary_assembly.fa : chr # 172  "KI270516.1" chrStart: 3132620800
/d2/Exome_analysis_BC/Exome_pipeline_datas/GRCh38/Homo_sapiens.GRCh38.dna.primary_assembly.fa : chr # 173  "KI270389.1" chrStart: 3132882944
/d2/Exome_analysis_BC/Exome_pipeline_datas/GRCh38/Homo_sapiens.GRCh38.dna.primary_assembly.fa : chr # 174  "KI270466.1" chrStart: 3133145088
/d2/Exome_analysis_BC/Exome_pipeline_datas/GRCh38/Homo_sapiens.GRCh38.dna.primary_assembly.fa : chr # 175  "KI270388.1" chrStart: 3133407232
/d2/Exome_analysis_BC/Exome_pipeline_datas/GRCh38/Homo_sapiens.GRCh38.dna.primary_assembly.fa : chr # 176  "KI270544.1" chrStart: 3133669376
/d2/Exome_analysis_BC/Exome_pipeline_datas/GRCh38/Homo_sapiens.GRCh38.dna.primary_assembly.fa : chr # 177  "KI270310.1" chrStart: 3133931520
/d2/Exome_analysis_BC/Exome_pipeline_datas/GRCh38/Homo_sapiens.GRCh38.dna.primary_assembly.fa : chr # 178  "KI270412.1" chrStart: 3134193664
/d2/Exome_analysis_BC/Exome_pipeline_datas/GRCh38/Homo_sapiens.GRCh38.dna.primary_assembly.fa : chr # 179  "KI270395.1" chrStart: 3134455808
/d2/Exome_analysis_BC/Exome_pipeline_datas/GRCh38/Homo_sapiens.GRCh38.dna.primary_assembly.fa : chr # 180  "KI270376.1" chrStart: 3134717952
/d2/Exome_analysis_BC/Exome_pipeline_datas/GRCh38/Homo_sapiens.GRCh38.dna.primary_assembly.fa : chr # 181  "KI270337.1" chrStart: 3134980096
/d2/Exome_analysis_BC/Exome_pipeline_datas/GRCh38/Homo_sapiens.GRCh38.dna.primary_assembly.fa : chr # 182  "KI270335.1" chrStart: 3135242240
/d2/Exome_analysis_BC/Exome_pipeline_datas/GRCh38/Homo_sapiens.GRCh38.dna.primary_assembly.fa : chr # 183  "KI270378.1" chrStart: 3135504384
/d2/Exome_analysis_BC/Exome_pipeline_datas/GRCh38/Homo_sapiens.GRCh38.dna.primary_assembly.fa : chr # 184  "KI270379.1" chrStart: 3135766528
/d2/Exome_analysis_BC/Exome_pipeline_datas/GRCh38/Homo_sapiens.GRCh38.dna.primary_assembly.fa : chr # 185  "KI270329.1" chrStart: 3136028672
/d2/Exome_analysis_BC/Exome_pipeline_datas/GRCh38/Homo_sapiens.GRCh38.dna.primary_assembly.fa : chr # 186  "KI270419.1" chrStart: 3136290816
/d2/Exome_analysis_BC/Exome_pipeline_datas/GRCh38/Homo_sapiens.GRCh38.dna.primary_assembly.fa : chr # 187  "KI270336.1" chrStart: 3136552960
/d2/Exome_analysis_BC/Exome_pipeline_datas/GRCh38/Homo_sapiens.GRCh38.dna.primary_assembly.fa : chr # 188  "KI270312.1" chrStart: 3136815104
/d2/Exome_analysis_BC/Exome_pipeline_datas/GRCh38/Homo_sapiens.GRCh38.dna.primary_assembly.fa : chr # 189  "KI270539.1" chrStart: 3137077248
/d2/Exome_analysis_BC/Exome_pipeline_datas/GRCh38/Homo_sapiens.GRCh38.dna.primary_assembly.fa : chr # 190  "KI270385.1" chrStart: 3137339392
/d2/Exome_analysis_BC/Exome_pipeline_datas/GRCh38/Homo_sapiens.GRCh38.dna.primary_assembly.fa : chr # 191  "KI270423.1" chrStart: 3137601536
/d2/Exome_analysis_BC/Exome_pipeline_datas/GRCh38/Homo_sapiens.GRCh38.dna.primary_assembly.fa : chr # 192  "KI270392.1" chrStart: 3137863680
/d2/Exome_analysis_BC/Exome_pipeline_datas/GRCh38/Homo_sapiens.GRCh38.dna.primary_assembly.fa : chr # 193  "KI270394.1" chrStart: 3138125824
Chromosome sequence lengths: 
1	248956422
10	133797422
11	135086622
12	133275309
13	114364328
14	107043718
15	101991189
16	90338345
17	83257441
18	80373285
19	58617616
2	242193529
20	64444167
21	46709983
22	50818468
3	198295559
4	190214555
5	181538259
6	170805979
7	159345973
8	145138636
9	138394717
MT	16569
X	156040895
Y	57227415
KI270728.1	1872759
KI270727.1	448248
KI270442.1	392061
KI270729.1	280839
GL000225.1	211173
KI270743.1	210658
GL000008.2	209709
GL000009.2	201709
KI270747.1	198735
KI270722.1	194050
GL000194.1	191469
KI270742.1	186739
GL000205.2	185591
GL000195.1	182896
KI270736.1	181920
KI270733.1	179772
GL000224.1	179693
GL000219.1	179198
KI270719.1	176845
GL000216.2	176608
KI270712.1	176043
KI270706.1	175055
KI270725.1	172810
KI270744.1	168472
KI270734.1	165050
GL000213.1	164239
GL000220.1	161802
KI270715.1	161471
GL000218.1	161147
KI270749.1	158759
KI270741.1	157432
GL000221.1	155397
KI270716.1	153799
KI270731.1	150754
KI270751.1	150742
KI270750.1	148850
KI270519.1	138126
GL000214.1	137718
KI270708.1	127682
KI270730.1	112551
KI270438.1	112505
KI270737.1	103838
KI270721.1	100316
KI270738.1	99375
KI270748.1	93321
KI270435.1	92983
GL000208.1	92689
KI270538.1	91309
KI270756.1	79590
KI270739.1	73985
KI270757.1	71251
KI270709.1	66860
KI270746.1	66486
KI270753.1	62944
KI270589.1	44474
KI270726.1	43739
KI270735.1	42811
KI270711.1	42210
KI270745.1	41891
KI270714.1	41717
KI270732.1	41543
KI270713.1	40745
KI270754.1	40191
KI270710.1	40176
KI270717.1	40062
KI270724.1	39555
KI270720.1	39050
KI270723.1	38115
KI270718.1	38054
KI270317.1	37690
KI270740.1	37240
KI270755.1	36723
KI270707.1	32032
KI270579.1	31033
KI270752.1	27745
KI270512.1	22689
KI270322.1	21476
GL000226.1	15008
KI270311.1	12399
KI270366.1	8320
KI270511.1	8127
KI270448.1	7992
KI270521.1	7642
KI270581.1	7046
KI270582.1	6504
KI270515.1	6361
KI270588.1	6158
KI270591.1	5796
KI270522.1	5674
KI270507.1	5353
KI270590.1	4685
KI270584.1	4513
KI270320.1	4416
KI270382.1	4215
KI270468.1	4055
KI270467.1	3920
KI270362.1	3530
KI270517.1	3253
KI270593.1	3041
KI270528.1	2983
KI270587.1	2969
KI270364.1	2855
KI270371.1	2805
KI270333.1	2699
KI270374.1	2656
KI270411.1	2646
KI270414.1	2489
KI270510.1	2415
KI270390.1	2387
KI270375.1	2378
KI270420.1	2321
KI270509.1	2318
KI270315.1	2276
KI270302.1	2274
KI270518.1	2186
KI270530.1	2168
KI270304.1	2165
KI270418.1	2145
KI270424.1	2140
KI270417.1	2043
KI270508.1	1951
KI270303.1	1942
KI270381.1	1930
KI270529.1	1899
KI270425.1	1884
KI270396.1	1880
KI270363.1	1803
KI270386.1	1788
KI270465.1	1774
KI270383.1	1750
KI270384.1	1658
KI270330.1	1652
KI270372.1	1650
KI270548.1	1599
KI270580.1	1553
KI270387.1	1537
KI270391.1	1484
KI270305.1	1472
KI270373.1	1451
KI270422.1	1445
KI270316.1	1444
KI270340.1	1428
KI270338.1	1428
KI270583.1	1400
KI270334.1	1368
KI270429.1	1361
KI270393.1	1308
KI270516.1	1300
KI270389.1	1298
KI270466.1	1233
KI270388.1	1216
KI270544.1	1202
KI270310.1	1201
KI270412.1	1179
KI270395.1	1143
KI270376.1	1136
KI270337.1	1121
KI270335.1	1048
KI270378.1	1048
KI270379.1	1045
KI270329.1	1040
KI270419.1	1029
KI270336.1	1026
KI270312.1	998
KI270539.1	993
KI270385.1	990
KI270423.1	981
KI270392.1	971
KI270394.1	970
Genome sequence total length = 3099750718
Genome size with padding = 3138387968
Oct 17 15:10:46 ..... processing annotations GTF
Processing pGe.sjdbGTFfile=/d2/Exome_analysis_BC/Exome_pipeline_datas/GRCh38/Homo_sapiens.GRCh38.106.gtf, found:
		246511 transcripts
		1572538 exons (non-collapsed)
		396471 collapsed junctions
Total junctions: 396471
Oct 17 15:11:15 ..... finished GTF processing

Estimated genome size with padding and SJs: total=genome+SJ=3287387968 = 3138387968 + 149000000
GstrandBit=32
Number of SA indices: 5891698134
Oct 17 15:11:33 ... starting to sort Suffix Array. This may take a long time...
Number of chunks: 43;   chunks size limit: 1236161184 bytes
Oct 17 15:11:52 ... sorting Suffix Array chunks and saving them to disk...
Writing 1146925848 bytes into /d2/laura_home/genomeDir_grch38//SA_8 ; empty space on disk = 252434558976 bytes ... done
Writing 1118915288 bytes into /d2/laura_home/genomeDir_grch38//SA_11 ; empty space on disk = 251163172864 bytes ... done
Writing 1083428288 bytes into /d2/laura_home/genomeDir_grch38//SA_9 ; empty space on disk = 249926729728 bytes ... done
Writing 1070070824 bytes into /d2/laura_home/genomeDir_grch38//SA_5 ; empty space on disk = 248789950464 bytes ... done
Writing 1107622280 bytes into /d2/laura_home/genomeDir_grch38//SA_1 ; empty space on disk = 247695425536 bytes ... done
Writing 1155509680 bytes into /d2/laura_home/genomeDir_grch38//SA_7 ; empty space on disk = 246517395456 bytes ...Writing 996073744 bytes into /d2/laura_home/genomeDir_grch38//SA_0 ; empty space on disk = 245872828416 bytes ... done
 done
Writing 1052094064 bytes into /d2/laura_home/genomeDir_grch38//SA_4 ; empty space on disk = 244288753664 bytes ... done
Writing 1202905016 bytes into /d2/laura_home/genomeDir_grch38//SA_10 ; empty space on disk = 243124445184 bytes ...Writing 1054844008 bytes into /d2/laura_home/genomeDir_grch38//SA_3 ; empty space on disk = 242948886528 bytes ... done
 done
Writing 1157824960 bytes into /d2/laura_home/genomeDir_grch38//SA_6 ; empty space on disk = 240619618304 bytes ... done
Writing 1119670704 bytes into /d2/laura_home/genomeDir_grch38//SA_2 ; empty space on disk = 239248822272 bytes ... done
Writing 1110838624 bytes into /d2/laura_home/genomeDir_grch38//SA_13 ; empty space on disk = 237739134976 bytes ... done
Writing 1169052424 bytes into /d2/laura_home/genomeDir_grch38//SA_12 ; empty space on disk = 236628291584 bytes ... done
Writing 1204766376 bytes into /d2/laura_home/genomeDir_grch38//SA_16 ; empty space on disk = 235455787008 bytes ... done
Writing 944772056 bytes into /d2/laura_home/genomeDir_grch38//SA_20 ; empty space on disk = 234254458880 bytes ... done
Writing 1070976448 bytes into /d2/laura_home/genomeDir_grch38//SA_15 ; empty space on disk = 233306898432 bytes ... done
Writing 1225885136 bytes into /d2/laura_home/genomeDir_grch38//SA_22 ; empty space on disk = 232238698496 bytes ... done
Writing 1220574336 bytes into /d2/laura_home/genomeDir_grch38//SA_19 ; empty space on disk = 231009193984 bytes ... done
Writing 1144263216 bytes into /d2/laura_home/genomeDir_grch38//SA_14 ; empty space on disk = 229785018368 bytes ... done
Writing 1226176976 bytes into /d2/laura_home/genomeDir_grch38//SA_17 ; empty space on disk = 228637376512 bytes ... done
Writing 1229837472 bytes into /d2/laura_home/genomeDir_grch38//SA_23 ; empty space on disk = 227421773824 bytes ... done
Writing 1209487376 bytes into /d2/laura_home/genomeDir_grch38//SA_18 ; empty space on disk = 226188304384 bytes ... done
Writing 1224550264 bytes into /d2/laura_home/genomeDir_grch38//SA_21 ; empty space on disk = 224982433792 bytes ... done
Writing 1095804208 bytes into /d2/laura_home/genomeDir_grch38//SA_25 ; empty space on disk = 223754268672 bytes ... done
Writing 1134865328 bytes into /d2/laura_home/genomeDir_grch38//SA_24 ; empty space on disk = 222662066176 bytes ... done
Writing 1188415440 bytes into /d2/laura_home/genomeDir_grch38//SA_26 ; empty space on disk = 224099086336 bytes ... done
Writing 962262912 bytes into /d2/laura_home/genomeDir_grch38//SA_29 ; empty space on disk = 222910656512 bytes ... done
Writing 905541352 bytes into /d2/laura_home/genomeDir_grch38//SA_31 ; empty space on disk = 221945540608 bytes ... done
Writing 1124350112 bytes into /d2/laura_home/genomeDir_grch38//SA_27 ; empty space on disk = 221037338624 bytes ... done
Writing 1124105568 bytes into /d2/laura_home/genomeDir_grch38//SA_30 ; empty space on disk = 219918475264 bytes ... done
Writing 1032388224 bytes into /d2/laura_home/genomeDir_grch38//SA_32 ; empty space on disk = 218794364928 bytes ...Writing 1135860112 bytes into /d2/laura_home/genomeDir_grch38//SA_28 ; empty space on disk = 218632171520 bytes ... done
 done
Writing 966352408 bytes into /d2/laura_home/genomeDir_grch38//SA_38 ; empty space on disk = 216626106368 bytes ... done
Writing 1106663656 bytes into /d2/laura_home/genomeDir_grch38//SA_36 ; empty space on disk = 215656902656 bytes ... done
Writing 1079928000 bytes into /d2/laura_home/genomeDir_grch38//SA_33 ; empty space on disk = 214546972672 bytes ... done
Writing 1051162752 bytes into /d2/laura_home/genomeDir_grch38//SA_34 ; empty space on disk = 213473144832 bytes ... done
Writing 1165205040 bytes into /d2/laura_home/genomeDir_grch38//SA_35 ; empty space on disk = 212418879488 bytes ... done
Writing 1152527152 bytes into /d2/laura_home/genomeDir_grch38//SA_37 ; empty space on disk = 211253334016 bytes ... done
Writing 725545584 bytes into /d2/laura_home/genomeDir_grch38//SA_42 ; empty space on disk = 210100838400 bytes ... done
Writing 1034745728 bytes into /d2/laura_home/genomeDir_grch38//SA_40 ; empty space on disk = 209378680832 bytes ... done
Writing 707023008 bytes into /d2/laura_home/genomeDir_grch38//SA_41 ; empty space on disk = 208340877312 bytes ... done
Writing 1193773080 bytes into /d2/laura_home/genomeDir_grch38//SA_39 ; empty space on disk = 207636910080 bytes ... done
Oct 17 15:48:37 ... loading chunks from disk, packing SA...
Oct 17 15:52:17 ... finished generating suffix array
Oct 17 15:52:17 ... generating Suffix Array index
Oct 17 15:57:05 ... completed Suffix Array index
Oct 17 15:57:06   Finished preparing junctions
Oct 17 15:57:06 ..... inserting junctions into the genome indices
Oct 17 15:57:54   Finished SA search: number of new junctions=396428, old junctions=0
Oct 17 15:58:53   Finished sorting SA indicesL nInd=117341356
Genome size with junctions=3197455740  3138387968   59067772
GstrandBit1=32   GstrandBit=32
Oct 17 16:00:30   Finished inserting junction indices
Oct 17 16:00:55   Finished SAi
Oct 17 16:00:55 ..... finished inserting junctions into genome
Oct 17 16:00:55 ... writing Genome to disk ...
Writing 3197455740 bytes into /d2/laura_home/genomeDir_grch38//Genome ; empty space on disk = 244393443328 bytes ... done
SA size in bytes: 24787287900
Oct 17 16:00:58 ... writing Suffix Array to disk ...
Writing 24787287900 bytes into /d2/laura_home/genomeDir_grch38//SA ; empty space on disk = 241186557952 bytes ... done
Oct 17 16:01:29 ... writing SAindex to disk
Writing 8 bytes into /d2/laura_home/genomeDir_grch38//SAindex ; empty space on disk = 216335581184 bytes ... done
Writing 120 bytes into /d2/laura_home/genomeDir_grch38//SAindex ; empty space on disk = 216335581184 bytes ... done
Writing 1565873491 bytes into /d2/laura_home/genomeDir_grch38//SAindex ; empty space on disk = 216335581184 bytes ... done
Oct 17 16:01:32 ..... finished successfully
DONE: Genome generation, EXITING
