/data1/rnaseq/try/scripts/annotation_outrider.py:28: DtypeWarning: Columns (2,6,8,9) have mixed types. Specify dtype option on import or set low_memory=False.
  hpo= pd.read_csv(args.hpo, sep='\t', na_values=[''], comment='#')
/data1/rnaseq/try/scripts/annotation_outrider.py:28: DtypeWarning: Columns (2,6,8,9) have mixed types. Specify dtype option on import or set low_memory=False.
  hpo= pd.read_csv(args.hpo, sep='\t', na_values=[''], comment='#')
Traceback (most recent call last):
  File "/app/envs_laura/test/lib/python3.12/site-packages/pandas/core/internals/construction.py", line 939, in _finalize_columns_and_data
    columns = _validate_or_indexify_columns(contents, columns)
              ^^^^^^^^^^^^^^^^^^^^^^^^^^^^^^^^^^^^^^^^^^^^^^^^
  File "/app/envs_laura/test/lib/python3.12/site-packages/pandas/core/internals/construction.py", line 986, in _validate_or_indexify_columns
    raise AssertionError(
AssertionError: 16 columns passed, passed data had 17 columns

The above exception was the direct cause of the following exception:

Traceback (most recent call last):
  File "/data1/rnaseq/try/scripts/annotation_outrider.py", line 100, in <module>
    df = pd.DataFrame(rows, columns=header)
         ^^^^^^^^^^^^^^^^^^^^^^^^^^^^^^^^^^
  File "/app/envs_laura/test/lib/python3.12/site-packages/pandas/core/frame.py", line 806, in __init__
    arrays, columns, index = nested_data_to_arrays(
                             ^^^^^^^^^^^^^^^^^^^^^^
  File "/app/envs_laura/test/lib/python3.12/site-packages/pandas/core/internals/construction.py", line 520, in nested_data_to_arrays
    arrays, columns = to_arrays(data, columns, dtype=dtype)
                      ^^^^^^^^^^^^^^^^^^^^^^^^^^^^^^^^^^^^^
  File "/app/envs_laura/test/lib/python3.12/site-packages/pandas/core/internals/construction.py", line 845, in to_arrays
    content, columns = _finalize_columns_and_data(arr, columns, dtype)
                       ^^^^^^^^^^^^^^^^^^^^^^^^^^^^^^^^^^^^^^^^^^^^^^^
  File "/app/envs_laura/test/lib/python3.12/site-packages/pandas/core/internals/construction.py", line 942, in _finalize_columns_and_data
    raise ValueError(err) from err
ValueError: 16 columns passed, passed data had 17 columns
Traceback (most recent call last):
  File "/app/envs_laura/test/lib/python3.12/site-packages/pandas/core/internals/construction.py", line 939, in _finalize_columns_and_data
    columns = _validate_or_indexify_columns(contents, columns)
              ^^^^^^^^^^^^^^^^^^^^^^^^^^^^^^^^^^^^^^^^^^^^^^^^
  File "/app/envs_laura/test/lib/python3.12/site-packages/pandas/core/internals/construction.py", line 986, in _validate_or_indexify_columns
    raise AssertionError(
AssertionError: 16 columns passed, passed data had 17 columns

The above exception was the direct cause of the following exception:

Traceback (most recent call last):
  File "/data1/rnaseq/try/scripts/annotation_outrider.py", line 100, in <module>
    df = pd.DataFrame(rows, columns=header)
         ^^^^^^^^^^^^^^^^^^^^^^^^^^^^^^^^^^
  File "/app/envs_laura/test/lib/python3.12/site-packages/pandas/core/frame.py", line 806, in __init__
    arrays, columns, index = nested_data_to_arrays(
                             ^^^^^^^^^^^^^^^^^^^^^^
  File "/app/envs_laura/test/lib/python3.12/site-packages/pandas/core/internals/construction.py", line 520, in nested_data_to_arrays
    arrays, columns = to_arrays(data, columns, dtype=dtype)
                      ^^^^^^^^^^^^^^^^^^^^^^^^^^^^^^^^^^^^^
  File "/app/envs_laura/test/lib/python3.12/site-packages/pandas/core/internals/construction.py", line 845, in to_arrays
    content, columns = _finalize_columns_and_data(arr, columns, dtype)
                       ^^^^^^^^^^^^^^^^^^^^^^^^^^^^^^^^^^^^^^^^^^^^^^^
  File "/app/envs_laura/test/lib/python3.12/site-packages/pandas/core/internals/construction.py", line 942, in _finalize_columns_and_data
    raise ValueError(err) from err
ValueError: 16 columns passed, passed data had 17 columns
/data1/rnaseq/try/scripts/annotation_outrider.py:28: DtypeWarning: Columns (2,6,8,9) have mixed types. Specify dtype option on import or set low_memory=False.
  hpo= pd.read_csv(args.hpo, sep='\t', na_values=[''], comment='#')
/data1/rnaseq/try/scripts/annotation_outrider.py:28: DtypeWarning: Columns (2,6,8,9) have mixed types. Specify dtype option on import or set low_memory=False.
  hpo= pd.read_csv(args.hpo, sep='\t', na_values=[''], comment='#')
Traceback (most recent call last):
  File "/app/envs_laura/test/lib/python3.12/site-packages/pandas/core/internals/construction.py", line 939, in _finalize_columns_and_data
    columns = _validate_or_indexify_columns(contents, columns)
              ^^^^^^^^^^^^^^^^^^^^^^^^^^^^^^^^^^^^^^^^^^^^^^^^
  File "/app/envs_laura/test/lib/python3.12/site-packages/pandas/core/internals/construction.py", line 986, in _validate_or_indexify_columns
    raise AssertionError(
AssertionError: 16 columns passed, passed data had 17 columns

The above exception was the direct cause of the following exception:

Traceback (most recent call last):
  File "/data1/rnaseq/try/scripts/annotation_outrider.py", line 100, in <module>
    df = pd.DataFrame(rows, columns=header)
         ^^^^^^^^^^^^^^^^^^^^^^^^^^^^^^^^^^
  File "/app/envs_laura/test/lib/python3.12/site-packages/pandas/core/frame.py", line 806, in __init__
    arrays, columns, index = nested_data_to_arrays(
                             ^^^^^^^^^^^^^^^^^^^^^^
  File "/app/envs_laura/test/lib/python3.12/site-packages/pandas/core/internals/construction.py", line 520, in nested_data_to_arrays
    arrays, columns = to_arrays(data, columns, dtype=dtype)
                      ^^^^^^^^^^^^^^^^^^^^^^^^^^^^^^^^^^^^^
  File "/app/envs_laura/test/lib/python3.12/site-packages/pandas/core/internals/construction.py", line 845, in to_arrays
    content, columns = _finalize_columns_and_data(arr, columns, dtype)
                       ^^^^^^^^^^^^^^^^^^^^^^^^^^^^^^^^^^^^^^^^^^^^^^^
  File "/app/envs_laura/test/lib/python3.12/site-packages/pandas/core/internals/construction.py", line 942, in _finalize_columns_and_data
    raise ValueError(err) from err
ValueError: 16 columns passed, passed data had 17 columns
Traceback (most recent call last):
  File "/app/envs_laura/test/lib/python3.12/site-packages/pandas/core/internals/construction.py", line 939, in _finalize_columns_and_data
    columns = _validate_or_indexify_columns(contents, columns)
              ^^^^^^^^^^^^^^^^^^^^^^^^^^^^^^^^^^^^^^^^^^^^^^^^
  File "/app/envs_laura/test/lib/python3.12/site-packages/pandas/core/internals/construction.py", line 986, in _validate_or_indexify_columns
    raise AssertionError(
AssertionError: 16 columns passed, passed data had 17 columns

The above exception was the direct cause of the following exception:

Traceback (most recent call last):
  File "/data1/rnaseq/try/scripts/annotation_outrider.py", line 100, in <module>
    df = pd.DataFrame(rows, columns=header)
         ^^^^^^^^^^^^^^^^^^^^^^^^^^^^^^^^^^
  File "/app/envs_laura/test/lib/python3.12/site-packages/pandas/core/frame.py", line 806, in __init__
    arrays, columns, index = nested_data_to_arrays(
                             ^^^^^^^^^^^^^^^^^^^^^^
  File "/app/envs_laura/test/lib/python3.12/site-packages/pandas/core/internals/construction.py", line 520, in nested_data_to_arrays
    arrays, columns = to_arrays(data, columns, dtype=dtype)
                      ^^^^^^^^^^^^^^^^^^^^^^^^^^^^^^^^^^^^^
  File "/app/envs_laura/test/lib/python3.12/site-packages/pandas/core/internals/construction.py", line 845, in to_arrays
    content, columns = _finalize_columns_and_data(arr, columns, dtype)
                       ^^^^^^^^^^^^^^^^^^^^^^^^^^^^^^^^^^^^^^^^^^^^^^^
  File "/app/envs_laura/test/lib/python3.12/site-packages/pandas/core/internals/construction.py", line 942, in _finalize_columns_and_data
    raise ValueError(err) from err
ValueError: 16 columns passed, passed data had 17 columns
/data1/rnaseq/try/scripts/annotation_outrider_v2.py:25: DtypeWarning: Columns (2,6,8,9) have mixed types. Specify dtype option on import or set low_memory=False.
  hpo = pd.read_csv(args.hpo, sep='\t', na_values=[''], comment='#')
/data1/rnaseq/try/scripts/annotation_outrider_v2.py:25: DtypeWarning: Columns (2,6,8,9) have mixed types. Specify dtype option on import or set low_memory=False.
  hpo = pd.read_csv(args.hpo, sep='\t', na_values=[''], comment='#')
/data1/rnaseq/try/scripts/annotation_outrider_v2.py:25: DtypeWarning: Columns (2,6,8,9) have mixed types. Specify dtype option on import or set low_memory=False.
  hpo = pd.read_csv(args.hpo, sep='\t', na_values=[''], comment='#')
/data1/rnaseq/try/scripts/annotation_outrider_v2.py:25: DtypeWarning: Columns (2,6,8,9) have mixed types. Specify dtype option on import or set low_memory=False.
  hpo = pd.read_csv(args.hpo, sep='\t', na_values=[''], comment='#')
                geneID  ... category
0      ENSG00000197372  ...     None
1      ENSG00000184831  ...     None
2      ENSG00000130066  ...     None
3      ENSG00000196172  ...     None
4      ENSG00000121058  ...     None
...                ...  ...      ...
98841  ENSG00000287765  ...     None
98842  ENSG00000287931  ...     None
98843  ENSG00000288649  ...     None
98844  ENSG00000288886  ...     None
98845  ENSG00000289499  ...     None

[98846 rows x 30 columns]
                geneID  ... category
0      ENSG00000197372  ...     None
1      ENSG00000184831  ...     None
2      ENSG00000130066  ...     None
3      ENSG00000148337  ...      mid
4      ENSG00000196172  ...     None
...                ...  ...      ...
98865  ENSG00000287765  ...     None
98866  ENSG00000287931  ...     None
98867  ENSG00000288649  ...     None
98868  ENSG00000288886  ...     None
98869  ENSG00000289499  ...     None

[98870 rows x 30 columns]
                geneID  ... category
0      ENSG00000197372  ...     None
1      ENSG00000184831  ...     None
2      ENSG00000130066  ...     None
3      ENSG00000148337  ...      mid
4      ENSG00000196172  ...     None
...                ...  ...      ...
99012  ENSG00000287765  ...     None
99013  ENSG00000287931  ...     None
99014  ENSG00000288649  ...     None
99015  ENSG00000288886  ...     None
99016  ENSG00000289499  ...     None

[99017 rows x 30 columns]
                geneID  ... category
0      ENSG00000197372  ...     None
1      ENSG00000184831  ...     None
2      ENSG00000130066  ...     None
3      ENSG00000196172  ...     None
4      ENSG00000121058  ...     None
...                ...  ...      ...
99051  ENSG00000287765  ...     None
99052  ENSG00000287931  ...     None
99053  ENSG00000288649  ...     None
99054  ENSG00000288886  ...     None
99055  ENSG00000289499  ...     None

[99056 rows x 30 columns]
bash: 20240718_RUN28_NextSeq_High_16RNASEQ/launch_folder/launch.sh: No such file or directory
